################################################################################
#                                                                              #
#      IAR Universal Linker V5.2.3.14                                          #
#                                                                              #
#           Link time     =  19/Nov/2014  18:23:37                             #
#           Target CPU    =  A90                                               #
#           List file     =  H:\WORKSPACE\IAR\NixieClock2\Debug\List\Clock.map #
#           Output file 1 =  H:\WORKSPACE\IAR\NixieClock2\Debug\Exe\Clock.hex  #
#                            Format: intel-standard                            #
#           Command line  =  H:\WORKSPACE\IAR\NixieClock2\Debug\Obj\BackLight. #
#                            r90                                               #
#                            H:\WORKSPACE\IAR\NixieClock2\Debug\Obj\ds1307.r90 #
#                            H:\WORKSPACE\IAR\NixieClock2\Debug\Obj\main.r90   #
#                            H:\WORKSPACE\IAR\NixieClock2\Debug\Obj\transient. #
#                            r90                                               #
#                            -o                                                #
#                            H:\WORKSPACE\IAR\NixieClock2\Debug\Exe\Clock.hex  #
#                            -Fintel-standard -l                               #
#                            H:\WORKSPACE\IAR\NixieClock2\Debug\List\Clock.map #
#                            -xms                                              #
#                            "-IC:\Program Files (x86)\IAR Systems\Embedded Wo #
#                            rkbench 6.0\avr\LIB\"                             #
#                            -f                                                #
#                            "C:\Program Files (x86)\IAR Systems\Embedded Work #
#                            bench 6.0\avr\src\template\cfgm16.xcl"            #
#                            (-D_..X_INTVEC_SIZE=54 -D_..X_FLASH_NEND=3FFF     #
#                            -D_..X_FLASH_END=3FFF -D_..X_SRAM_BASE=60         #
#                            -D_..X_SRAM_TBASE=_..X_SRAM_BASE                  #
#                            -D_..X_SRAM_TSIZE=(100-_..X_SRAM_BASE)            #
#                            -D_..X_SRAM_END=45F                               #
#                            -D_..X_EXT_SRAM_BASE=_..X_SRAM_END                #
#                            -D_..X_EXT_SRAM_SIZE=0                            #
#                            -D_..X_EXT_ROM_BASE=_..X_SRAM_END                 #
#                            -D_..X_EXT_ROM_SIZE=0                             #
#                            -D_..X_EXT_NV_BASE=_..X_SRAM_END                  #
#                            -D_..X_EXT_NV_SIZE=0 -D_..X_EEPROM_END=1FF        #
#                            -D_..X_EEPROM_START=0) -D_..X_HEAP_SIZE=60        #
#                            -D_..X_TINY_HEAP_SIZE=0 -D_..X_NEAR_HEAP_SIZE=0   #
#                            -D_..X_FAR_HEAP_SIZE=0 -D_..X_HUGE_HEAP_SIZE=0    #
#                            -D_..X_CSTACK_SIZE=60 -D_..X_RSTACK_SIZE=50       #
#                            -D_..X_FLASH_CODE_END=_..X_FLASH_END -f           #
#                            "C:\Program Files (x86)\IAR Systems\Embedded Work #
#                            bench 6.0\avr\src\template\cfg3soim.xcl"          #
#                            (-ca90 -w29                                       #
#                            -Z(CODE)INTVEC=0-(_..X_INTVEC_SIZE-1)             #
#                            -Z(CODE)TINY_F=_..X_FLASH_BASE-FF                 #
#                            -Z(CODE)NEAR_F=_..X_FLASH_BASE-_..X_FLASH_NEND    #
#                            -Z(CODE)SWITCH=_..X_FLASH_BASE-_..X_FLASH_NEND    #
#                            -Z(CODE)DIFUNCT=_..X_FLASH_BASE-_..X_FLASH_NEND   #
#                            -Z(CODE)CODE=_..X_FLASH_BASE-_..X_FLASH_END       #
#                            -P(CODE)FAR_F=[_..X_FLASH_BASE-_..X_FLASH_END]/10 #
#                            000                                               #
#                            -Z(CODE)INITTAB=_..X_FLASH_BASE-_..X_FLASH_END    #
#                            -Z(CODE)HUGE_F=_..X_FLASH_BASE-_..X_FLASH_END     #
#                            -Z(CODE)TINY_ID=_..X_FLASH_BASE-_..X_FLASH_END    #
#                            -Z(CODE)NEAR_ID=_..X_FLASH_BASE-_..X_FLASH_END    #
#                            -Z(CODE)CHECKSUM#_..X_FLASH_END                   #
#                            -Z(DATA)TINY_I,TINY_Z,TINY_N=_..X_SRAM_TBASE:+_.. #
#                            X_SRAM_TSIZE                                      #
#                            -Z(DATA)CSTACK+_..X_CSTACK_SIZE=_..X_CSTACK_BASE- #
#                            _..X_CSTACK_END                                   #
#                            -Z(DATA)HEAP+_..X_HEAP_SIZE=_..X_SRAM_BASE-_..X_S #
#                            RAM_END                                           #
#                            -Z(DATA)IOSTREAM_N#_..X_SRAM_BASE-_..X_SRAM_END   #
#                            -Z(DATA)NEAR_HEAP+_..X_NEAR_HEAP_SIZE=_..X_SRAM_B #
#                            ASE-_..X_SRAM_END                                 #
#                            -Z(DATA)RSTACK+_..X_RSTACK_SIZE=_..X_RSTACK_BASE- #
#                            _..X_RSTACK_END                                   #
#                            -Z(DATA)NEAR_I,NEAR_Z,NEAR_N=_..X_SRAM_BASE-_..X_ #
#                            SRAM_END                                          #
#                            -Z(XDATA)EEPROM_I,EEPROM_N=_..X_EEPROM_START-_..X #
#                            _EEPROM_END)                                      #
#                            -D_..X_FLASH_BASE=_..X_INTVEC_SIZE -H1895         #
#                            -h(CODE)0-(_..X_INTVEC_SIZE-1)                    #
#                            -D_..X_CSTACK_BASE=_..X_SRAM_BASE                 #
#                            -D_..X_CSTACK_END=_..X_SRAM_END                   #
#                            -D_..X_RSTACK_BASE=_..X_SRAM_BASE                 #
#                            -D_..X_RSTACK_END=_..X_SRAM_END -s                #
#                            __program_start                                   #
#                            "C:\Program Files (x86)\IAR Systems\Embedded Work #
#                            bench 6.0\avr\LIB\CLIB\cl3s-ec_mul-sf.r90"        #
#                            -e_large_write=_formatted_write                   #
#                            -e_large_read=_formatted_read                     #
#                                                                              #
#                           Copyright (C) 1987-2011 IAR Systems AB.            #
################################################################################





                ****************************************
                *                                      *
                *           CROSS REFERENCE            *
                *                                      *
                ****************************************

       Program entry at : CODE      00000000  Relocatable, from module : ?RESET




                ****************************************
                *                                      *
                *            RUNTIME MODEL             *
                *                                      *
                ****************************************

  EEPROM_SIZE     = 2
  R10             = REG
  R11             = REG
  R12             = REG
  R4              = REG
  R5              = REG
  R6              = REG
  R7              = REG
  R8              = REG
  R9              = REG
  __64bit_doubles = disabled
  __SystemLibrary = CLib
  __cpu           = 3
  __cpu_name      = ATmega16
  __enhanced_core = enabled
  __has_elpm      = false
  __memory_model  = 2
  __rt_version    = 3
  __tiny_avr      = false

                ****************************************
                *                                      *
                *    AUTOMATIC SYMBOL REDIRECTIONS     *
                *                                      *
                ****************************************

                  There are no automatic symbol redirections.



                ****************************************
                *                                      *
                *              MODULE MAP              *
                *                                      *
                ****************************************


  DEFINED ABSOLUTE ENTRIES
  PROGRAM MODULE, NAME : ?ABS_ENTRY_MOD

Absolute parts
           ENTRY                   ADDRESS         REF BY
           =====                   =======         ======
           _..X_RSTACK_END         0000045F 
           _..X_RSTACK_BASE        00000060 
           _..X_CSTACK_END         0000045F 
           _..X_CSTACK_BASE        00000060 
           _..X_FLASH_BASE         00000054 
           _..X_FLASH_CODE_END     00003FFF 
           _..X_RSTACK_SIZE        00000050 
           _..X_CSTACK_SIZE        00000060 
           _..X_HUGE_HEAP_SIZE     00000000 
           _..X_FAR_HEAP_SIZE      00000000 
           _..X_NEAR_HEAP_SIZE     00000000 
           _..X_TINY_HEAP_SIZE     00000000 
           _..X_HEAP_SIZE          00000060 
           _..X_EEPROM_START       00000000 
           _..X_EEPROM_END         000001FF 
           _..X_EXT_NV_SIZE        00000000 
           _..X_EXT_NV_BASE        0000045F 
           _..X_EXT_ROM_SIZE       00000000 
           _..X_EXT_ROM_BASE       0000045F 
           _..X_EXT_SRAM_SIZE      00000000 
           _..X_EXT_SRAM_BASE      0000045F 
           _..X_SRAM_END           0000045F 
           _..X_SRAM_TSIZE         000000A0 
           _..X_SRAM_TBASE         00000060 
           _..X_SRAM_BASE          00000060 
           _..X_FLASH_END          00003FFF 
           _..X_FLASH_NEND         00003FFF 
           _..X_INTVEC_SIZE        00000054 
    *************************************************************************

  FILE NAME : H:\WORKSPACE\IAR\NixieClock2\Debug\Obj\BackLight.r90
  PROGRAM MODULE, NAME : BackLight

  SEGMENTS IN THE MODULE
  ======================
NEAR_F
  Relative segment, address: CODE 00000054 - 000000BF (0x6c bytes), align: 0
  Segment part 7.             Intra module refs:   GiveTargetBLBinary
           ENTRY                   ADDRESS         REF BY
           =====                   =======         ======
           TABLE                   00000054 
    -------------------------------------------------------------------------
NEAR_F
  Relative segment, address: CODE 000000C0 - 000000D1 (0x12 bytes), align: 0
  Segment part 8.             Intra module refs:   RandomEachBL
           ENTRY                   ADDRESS         REF BY
           =====                   =======         ======
           RandomChannelEachBL     000000C0 
    -------------------------------------------------------------------------
NEAR_Z
  Relative segment, address: DATA 0000013E - 0000013E (0x1 bytes), align: 0
  Segment part 9.             Intra module refs:   BackLightProcess
                                                   HSVchange
           ENTRY                   ADDRESS         REF BY
           =====                   =======         ======
           ManualR                 0000013E 
    -------------------------------------------------------------------------
NEAR_Z
  Relative segment, address: DATA 0000013F - 0000013F (0x1 bytes), align: 0
  Segment part 11.            Intra module refs:   BackLightProcess
                                                   HSVchange
           ENTRY                   ADDRESS         REF BY
           =====                   =======         ======
           ManualG                 0000013F 
    -------------------------------------------------------------------------
NEAR_Z
  Relative segment, address: DATA 00000140 - 00000140 (0x1 bytes), align: 0
  Segment part 12.            Intra module refs:   BackLightProcess
                                                   HSVchange
           ENTRY                   ADDRESS         REF BY
           =====                   =======         ======
           ManualB                 00000140 
    -------------------------------------------------------------------------
NEAR_Z
  Relative segment, address: DATA 00000141 - 00000141 (0x1 bytes), align: 0
  Segment part 13.            Intra module refs:   BinaryChangeEffect
                                                   GiveTargetBLBinary
                                                   MixBL
           ENTRY                   ADDRESS         REF BY
           =====                   =======         ======
           binaryType              00000141 
    -------------------------------------------------------------------------
NEAR_Z
  Relative segment, address: DATA 00000142 - 00000142 (0x1 bytes), align: 0
  Segment part 14.            Intra module refs:   BLGetType
                                                   BackLightChange
                                                   BackLightProcess
           ENTRY                   ADDRESS         REF BY
           =====                   =======         ======
           BLType                  00000142        Initialization (main)
                                                   main (main)
    -------------------------------------------------------------------------
NEAR_Z
  Relative segment, address: DATA 00000143 - 00000143 (0x1 bytes), align: 0
  Segment part 15.            Intra module refs:   MixBL
                                                   MixBLReduceTime
           ENTRY                   ADDRESS         REF BY
           =====                   =======         ======
           mixTime                 00000143 
    -------------------------------------------------------------------------
NEAR_Z
  Relative segment, address: DATA 00000144 - 000001AF (0x6c bytes), align: 0
  Segment part 16.            Intra module refs:   FireBL
                                                   GetSmoothCurrent
                                                   GiveTargetBLShift
                                                   GiveWaitBLFire
                                                   SmoothInit
                                                   SmoothProcess
           ENTRY                   ADDRESS         REF BY
           =====                   =======         ======
           smooth                  00000144        Over (main)
    -------------------------------------------------------------------------
NEAR_I
  Relative segment, address: DATA 00000110 - 00000115 (0x6 bytes), align: 0
  Segment part 17.            Intra module refs:   FireBL
           ENTRY                   ADDRESS         REF BY
           =====                   =======         ======
           sFire                   00000110 
    -------------------------------------------------------------------------
NEAR_I
  Relative segment, address: DATA 00000116 - 0000011B (0x6 bytes), align: 0
  Segment part 20.            Intra module refs:   RandomAllBL
           ENTRY                   ADDRESS         REF BY
           =====                   =======         ======
           sRandomAll              00000116 
    -------------------------------------------------------------------------
NEAR_I
  Relative segment, address: DATA 0000011C - 00000121 (0x6 bytes), align: 0
  Segment part 22.            Intra module refs:   RandomEachBL
           ENTRY                   ADDRESS         REF BY
           =====                   =======         ======
           sRandomEach             0000011C 
    -------------------------------------------------------------------------
NEAR_I
  Relative segment, address: DATA 00000122 - 00000127 (0x6 bytes), align: 0
  Segment part 24.            Intra module refs:   ShiftBL
           ENTRY                   ADDRESS         REF BY
           =====                   =======         ======
           sShift                  00000122 
    -------------------------------------------------------------------------
NEAR_I
  Relative segment, address: DATA 00000128 - 0000012D (0x6 bytes), align: 0
  Segment part 26.            Intra module refs:   BinarySecondsBL
           ENTRY                   ADDRESS         REF BY
           =====                   =======         ======
           sBinary                 00000128 
    -------------------------------------------------------------------------
CODE
  Relative segment, address: CODE 000001F2 - 0000021D (0x2c bytes), align: 1
  Segment part 37.
           ENTRY                   ADDRESS         REF BY
           =====                   =======         ======
           ZeroBL                  000001F2        Buttons (main)
                                                   GetDate (main)
                                                   Initialization (main)
                                                   ShiftLeft (transient)
                                                   ShiftRight (transient)
                                                   Sprint (transient)
                                                   main (main)
               RSTACK = 00000000 ( 00000002 )
    -------------------------------------------------------------------------
CODE
  Relative segment, address: CODE 0000021E - 0000032D (0x110 bytes), align: 1
  Segment part 38.            Intra module refs:   GiveTargetBLRandAll
                                                   GiveTargetBLRandEach
                                                   GiveTargetBLShift
                                                   HSVchange
                                                   Segment part 69
           ENTRY                   ADDRESS         REF BY
           =====                   =======         ======
           HSVtoRGB                0000021E 
               CSTACK = 00000000 ( 0000000D )
               RSTACK = 00000000 ( 00000004 )
    -------------------------------------------------------------------------
CODE
  Relative segment, address: CODE 0000032E - 0000037F (0x52 bytes), align: 1
  Segment part 39.
           ENTRY                   ADDRESS         REF BY
           =====                   =======         ======
           SmoothInit              0000032E        main (main)
               RSTACK = 00000000 ( 00000004 )
    -------------------------------------------------------------------------
CODE
  Relative segment, address: CODE 00000380 - 00000627 (0x2a8 bytes), align: 1
  Segment part 40.            Intra module refs:   BinarySecondsBL
                                                   FireBL
                                                   RandomAllBL
                                                   RandomEachBL
                                                   ShiftBL
           ENTRY                   ADDRESS         REF BY
           =====                   =======         ======
           SmoothProcess           00000380 
               calls indirect
               CSTACK = 00000000 ( 00000004 )
               RSTACK = 00000000 ( 00000004 )
    -------------------------------------------------------------------------
CODE
  Relative segment, address: CODE 00000628 - 0000063D (0x16 bytes), align: 1
  Segment part 41.            Intra module refs:   BinarySecondsBL
                                                   FireBL
                                                   RandomAllBL
                                                   RandomEachBL
                                                   ShiftBL
           ENTRY                   ADDRESS         REF BY
           =====                   =======         ======
           GetSmoothCurrent        00000628 
               RSTACK = 00000000 ( 00000004 )
    -------------------------------------------------------------------------
CODE
  Relative segment, address: CODE 0000063E - 000006BB (0x7e bytes), align: 1
  Segment part 42.            Intra module refs:   BackLightProcess
                                                   MixBL
           ENTRY                   ADDRESS         REF BY
           =====                   =======         ======
           FireBL                  0000063E 
               calls direct
               CSTACK = 00000000 ( 00000004 )
               RSTACK = 00000000 ( 00000004 )
    -------------------------------------------------------------------------
CODE
  Relative segment, address: CODE 000006BC - 000006CD (0x12 bytes), align: 1
  Segment part 43.            Intra module refs:   Segment part 18
           ENTRY                   ADDRESS         REF BY
           =====                   =======         ======
           GiveTargetBLFire        000006BC 
               calls direct
               RSTACK = 00000000 ( 00000004 )
    -------------------------------------------------------------------------
CODE
  Relative segment, address: CODE 000006CE - 000006DF (0x12 bytes), align: 1
  Segment part 44.            Intra module refs:   Segment part 18
           ENTRY                   ADDRESS         REF BY
           =====                   =======         ======
           GiveSpeedBLFire         000006CE 
               calls direct
               RSTACK = 00000000 ( 00000004 )
    -------------------------------------------------------------------------
CODE
  Relative segment, address: CODE 000006E0 - 00000735 (0x56 bytes), align: 1
  Segment part 45.            Intra module refs:   Segment part 18
           ENTRY                   ADDRESS         REF BY
           =====                   =======         ======
           GiveWaitBLFire          000006E0 
               calls direct
               RSTACK = 00000000 ( 00000004 )
    -------------------------------------------------------------------------
CODE
  Relative segment, address: CODE 00000736 - 00000785 (0x50 bytes), align: 1
  Segment part 46.            Intra module refs:   BackLightProcess
                                                   MixBL
           ENTRY                   ADDRESS         REF BY
           =====                   =======         ======
           RandomAllBL             00000736 
               calls direct
               CSTACK = 00000000 ( 00000002 )
               RSTACK = 00000000 ( 00000002 )
    -------------------------------------------------------------------------
CODE
  Relative segment, address: CODE 00000786 - 000007C3 (0x3e bytes), align: 1
  Segment part 47.            Intra module refs:   Segment part 21
           ENTRY                   ADDRESS         REF BY
           =====                   =======         ======
           GiveTargetBLRandAll     00000786 
               calls direct
               RSTACK = 00000000 ( 00000004 )
    -------------------------------------------------------------------------
NEAR_Z
  Relative segment, address: DATA 000001B0 - 000001B0 (0x1 bytes), align: 0
  Segment part 28.            Intra module refs:   GiveTargetBLRandAll
           LOCAL                   ADDRESS         
           =====                   =======         
           GiveTargetBLRandAll::R
                                   000001B0 
    -------------------------------------------------------------------------
NEAR_Z
  Relative segment, address: DATA 000001B1 - 000001B1 (0x1 bytes), align: 0
  Segment part 29.            Intra module refs:   GiveTargetBLRandAll
           LOCAL                   ADDRESS         
           =====                   =======         
           GiveTargetBLRandAll::G
                                   000001B1 
    -------------------------------------------------------------------------
NEAR_Z
  Relative segment, address: DATA 000001B2 - 000001B2 (0x1 bytes), align: 0
  Segment part 30.            Intra module refs:   GiveTargetBLRandAll
           LOCAL                   ADDRESS         
           =====                   =======         
           GiveTargetBLRandAll::B
                                   000001B2 
    -------------------------------------------------------------------------
CODE
  Relative segment, address: CODE 000007C4 - 000007C7 (0x4 bytes), align: 1
  Segment part 48.            Intra module refs:   Segment part 21
           ENTRY                   ADDRESS         REF BY
           =====                   =======         ======
           GiveSpeedBLRandAll      000007C4 
               RSTACK = 00000000 ( 00000002 )
    -------------------------------------------------------------------------
CODE
  Relative segment, address: CODE 000007C8 - 000007DB (0x14 bytes), align: 1
  Segment part 49.            Intra module refs:   Segment part 21
           ENTRY                   ADDRESS         REF BY
           =====                   =======         ======
           GiveWaitBLRandAll       000007C8 
               calls direct
               RSTACK = 00000000 ( 00000004 )
    -------------------------------------------------------------------------
CODE
  Relative segment, address: CODE 000007DC - 00000843 (0x68 bytes), align: 1
  Segment part 50.            Intra module refs:   BackLightProcess
                                                   MixBL
           ENTRY                   ADDRESS         REF BY
           =====                   =======         ======
           RandomEachBL            000007DC 
               calls direct
               CSTACK = 00000000 ( 00000002 )
               RSTACK = 00000000 ( 00000002 )
    -------------------------------------------------------------------------
CODE
  Relative segment, address: CODE 00000844 - 00000911 (0xce bytes), align: 1
  Segment part 51.            Intra module refs:   Segment part 23
           ENTRY                   ADDRESS         REF BY
           =====                   =======         ======
           GiveTargetBLRandEach    00000844 
               calls direct
               CSTACK = 00000000 ( 00000008 )
               RSTACK = 00000000 ( 00000004 )
    -------------------------------------------------------------------------
NEAR_Z
  Relative segment, address: DATA 000001B3 - 000001B8 (0x6 bytes), align: 0
  Segment part 31.            Intra module refs:   GiveTargetBLRandEach
           LOCAL                   ADDRESS         
           =====                   =======         
           GiveTargetBLRandEach::R
                                   000001B3 
    -------------------------------------------------------------------------
NEAR_Z
  Relative segment, address: DATA 000001B9 - 000001BE (0x6 bytes), align: 0
  Segment part 32.            Intra module refs:   GiveTargetBLRandEach
           LOCAL                   ADDRESS         
           =====                   =======         
           GiveTargetBLRandEach::G
                                   000001B9 
    -------------------------------------------------------------------------
NEAR_Z
  Relative segment, address: DATA 000001BF - 000001C4 (0x6 bytes), align: 0
  Segment part 33.            Intra module refs:   GiveTargetBLRandEach
           LOCAL                   ADDRESS         
           =====                   =======         
           GiveTargetBLRandEach::B
                                   000001BF 
    -------------------------------------------------------------------------
CODE
  Relative segment, address: CODE 00000912 - 00000923 (0x12 bytes), align: 1
  Segment part 52.            Intra module refs:   Segment part 23
           ENTRY                   ADDRESS         REF BY
           =====                   =======         ======
           GiveSpeedBLRandEach     00000912 
               calls direct
               RSTACK = 00000000 ( 00000004 )
    -------------------------------------------------------------------------
CODE
  Relative segment, address: CODE 00000924 - 00000937 (0x14 bytes), align: 1
  Segment part 53.            Intra module refs:   Segment part 23
           ENTRY                   ADDRESS         REF BY
           =====                   =======         ======
           GiveWaitBLRandEach      00000924 
               calls direct
               RSTACK = 00000000 ( 00000004 )
    -------------------------------------------------------------------------
CODE
  Relative segment, address: CODE 00000938 - 00000997 (0x60 bytes), align: 1
  Segment part 54.            Intra module refs:   BackLightProcess
                                                   MixBL
           ENTRY                   ADDRESS         REF BY
           =====                   =======         ======
           ShiftBL                 00000938 
               calls direct
               CSTACK = 00000000 ( 00000002 )
               RSTACK = 00000000 ( 00000002 )
    -------------------------------------------------------------------------
CODE
  Relative segment, address: CODE 00000998 - 00000A51 (0xba bytes), align: 1
  Segment part 55.            Intra module refs:   Segment part 25
           ENTRY                   ADDRESS         REF BY
           =====                   =======         ======
           GiveTargetBLShift       00000998 
               calls direct
               CSTACK = 00000000 ( 00000004 )
               RSTACK = 00000000 ( 00000004 )
    -------------------------------------------------------------------------
NEAR_Z
  Relative segment, address: DATA 000001C5 - 000001C6 (0x2 bytes), align: 0
  Segment part 34.            Intra module refs:   GiveTargetBLShift
           LOCAL                   ADDRESS         
           =====                   =======         
           GiveTargetBLShift::cnt
                                   000001C5 
    -------------------------------------------------------------------------
CODE
  Relative segment, address: CODE 00000A52 - 00000A55 (0x4 bytes), align: 1
  Segment part 56.            Intra module refs:   Segment part 25
           ENTRY                   ADDRESS         REF BY
           =====                   =======         ======
           GiveSpeedBLShift        00000A52 
               RSTACK = 00000000 ( 00000002 )
    -------------------------------------------------------------------------
CODE
  Relative segment, address: CODE 00000A56 - 00000A5B (0x6 bytes), align: 1
  Segment part 57.            Intra module refs:   Segment part 25
           ENTRY                   ADDRESS         REF BY
           =====                   =======         ======
           GiveWaitBLShift         00000A56 
               RSTACK = 00000000 ( 00000002 )
    -------------------------------------------------------------------------
CODE
  Relative segment, address: CODE 00000A5C - 00000ABB (0x60 bytes), align: 1
  Segment part 58.            Intra module refs:   BackLightProcess
                                                   MixBL
           ENTRY                   ADDRESS         REF BY
           =====                   =======         ======
           BinarySecondsBL         00000A5C 
               calls direct
               CSTACK = 00000000 ( 00000002 )
               RSTACK = 00000000 ( 00000002 )
    -------------------------------------------------------------------------
CODE
  Relative segment, address: CODE 00000ABC - 00000AF1 (0x36 bytes), align: 1
  Segment part 59.
           ENTRY                   ADDRESS         REF BY
           =====                   =======         ======
           BinaryChangeEffect      00000ABC        Buttons (main)
               RSTACK = 00000000 ( 00000002 )
    -------------------------------------------------------------------------
CODE
  Relative segment, address: CODE 00000AF2 - 00000B79 (0x88 bytes), align: 1
  Segment part 60.            Intra module refs:   Segment part 27
           ENTRY                   ADDRESS         REF BY
           =====                   =======         ======
           GiveTargetBLBinary      00000AF2 
               CSTACK = 00000000 ( 00000003 )
               RSTACK = 00000000 ( 00000004 )
    -------------------------------------------------------------------------
CODE
  Relative segment, address: CODE 00000B7A - 00000B7D (0x4 bytes), align: 1
  Segment part 61.            Intra module refs:   Segment part 27
           ENTRY                   ADDRESS         REF BY
           =====                   =======         ======
           GiveSpeedBLBinary       00000B7A 
               RSTACK = 00000000 ( 00000002 )
    -------------------------------------------------------------------------
CODE
  Relative segment, address: CODE 00000B7E - 00000B83 (0x6 bytes), align: 1
  Segment part 62.            Intra module refs:   Segment part 27
           ENTRY                   ADDRESS         REF BY
           =====                   =======         ======
           GiveWaitBLBinary        00000B7E 
               RSTACK = 00000000 ( 00000002 )
    -------------------------------------------------------------------------
CODE
  Relative segment, address: CODE 00000B84 - 00000BF9 (0x76 bytes), align: 1
  Segment part 63.
           ENTRY                   ADDRESS         REF BY
           =====                   =======         ======
           HSVchange               00000B84        Buttons (main)
               calls direct
               RSTACK = 00000000 ( 00000002 )
    -------------------------------------------------------------------------
NEAR_Z
  Relative segment, address: DATA 000001C7 - 000001C8 (0x2 bytes), align: 0
  Segment part 35.            Intra module refs:   HSVchange
           LOCAL                   ADDRESS         
           =====                   =======         
           HSVchange::HSVTemp      000001C7 
    -------------------------------------------------------------------------
CODE
  Relative segment, address: CODE 00000BFA - 00000C7B (0x82 bytes), align: 1
  Segment part 64.            Intra module refs:   BackLightProcess
           ENTRY                   ADDRESS         REF BY
           =====                   =======         ======
           MixBL                   00000BFA 
               calls direct
               CSTACK = 00000000 ( 00000001 )
               RSTACK = 00000000 ( 00000004 )
    -------------------------------------------------------------------------
NEAR_Z
  Relative segment, address: DATA 000001C9 - 000001C9 (0x1 bytes), align: 0
  Segment part 36.            Intra module refs:   MixBL
           LOCAL                   ADDRESS         
           =====                   =======         
           MixBL::mixType          000001C9 
    -------------------------------------------------------------------------
CODE
  Relative segment, address: CODE 00000C7C - 00000C8F (0x14 bytes), align: 1
  Segment part 65.
           ENTRY                   ADDRESS         REF BY
           =====                   =======         ======
           MixBLReduceTime         00000C7C        main (main)
               RSTACK = 00000000 ( 00000002 )
    -------------------------------------------------------------------------
CODE
  Relative segment, address: CODE 00000C90 - 00000CB3 (0x24 bytes), align: 1
  Segment part 66.
           ENTRY                   ADDRESS         REF BY
           =====                   =======         ======
           BackLightChange         00000C90        Buttons (main)
               calls direct
               RSTACK = 00000000 ( 00000002 )
    -------------------------------------------------------------------------
CODE
  Relative segment, address: CODE 00000CB4 - 00000D23 (0x70 bytes), align: 1
  Segment part 67.
           ENTRY                   ADDRESS         REF BY
           =====                   =======         ======
           BackLightProcess        00000CB4        main (main)
               calls direct
               RSTACK = 00000000 ( 00000002 )
    -------------------------------------------------------------------------
CODE
  Relative segment, address: CODE 00000D24 - 00000D29 (0x6 bytes), align: 1
  Segment part 68.
           ENTRY                   ADDRESS         REF BY
           =====                   =======         ======
           BLGetType               00000D24        Buttons (main)
               RSTACK = 00000000 ( 00000002 )
    -------------------------------------------------------------------------
ABSOLUTE
  Relative segment, address: DATA 0000001C, align: 0
  Segment part 1. ROOT.
           ENTRY                   ADDRESS         REF BY
           =====                   =======         ======
           __?EECR                 0000001C        Segment part 0 (?EEPROM_16)
                                                   Segment part 1 (?EEPROM_16)
                                                   Segment part 8 (?EEPROM_16)
    -------------------------------------------------------------------------
ABSOLUTE
  Relative segment, address: DATA 0000001D, align: 0
  Segment part 2. ROOT.
           ENTRY                   ADDRESS         REF BY
           =====                   =======         ======
           __?EEDR                 0000001D        __eeget8_16 (?EEPROM_16)
                                                   __eeput8_16 (?EEPROM_16)
    -------------------------------------------------------------------------
ABSOLUTE
  Relative segment, address: DATA 0000001E, align: 0
  Segment part 3. ROOT.
           ENTRY                   ADDRESS         REF BY
           =====                   =======         ======
           __?EEARL                0000001E        Segment part 1 (?EEPROM_16)
                                                   Segment part 8 (?EEPROM_16)
    -------------------------------------------------------------------------
ABSOLUTE
  Relative segment, address: DATA 0000001F, align: 0
  Segment part 4. ROOT.
           ENTRY                   ADDRESS         REF BY
           =====                   =======         ======
           __?EEARH                0000001F        Segment part 1 (?EEPROM_16)
                                                   Segment part 8 (?EEPROM_16)
    -------------------------------------------------------------------------
INITTAB
  Relative segment, address: CODE 0000295A - 0000295F (0x6 bytes), align: 0
  Segment part 10.            Intra module refs:   BLType
                                                   GiveTargetBLRandAll::B
                                                   GiveTargetBLRandAll::G
                                                   GiveTargetBLRandAll::R
                                                   GiveTargetBLRandEach::B
                                                   GiveTargetBLRandEach::G
                                                   GiveTargetBLRandEach::R
                                                   GiveTargetBLShift::cnt
                                                   Global1HzFlag (main)
                                                   HSVchange::HSVTemp
                                                   ManualB
                                                   ManualG
                                                   ManualR
                                                   MixBL::mixType
                                                   Over::counterBtn (main)
                                                   Over::pwmCnt (main)
                                                   Over::timerButton (main)
                                                   Over{1}::tranSmooth (main)
                                                   binaryType
                                                   button (main)
                                                   changedDigit (main)
                                                   counter (main)
                                                   day (main)
                                                   digit (main)
                                                   hour (main)
                                                   min (main)
                                                   mixTime
                                                   mon (main)
                                                   outB (main)
                                                   outG (main)
                                                   outR (main)
                                                   protectKeys (main)
                                                   sec (main)
                                                   settingsFlag (main)
                                                   settingsMode (main)
                                                   smooth
                                                   targetOut (main)
                                                   tranCounter (main)
                                                   year (main)
           ENTRY                   ADDRESS         REF BY
           =====                   =======         ======
           ?<Segment init: NEAR_Z>
                                   0000295A 
    -------------------------------------------------------------------------
NEAR_ID
  Relative segment, address: CODE 00002966 - 0000296B (0x6 bytes), align: 0
  Segment part 18.            Intra module refs:   sFire
    -------------------------------------------------------------------------
INITTAB
  Relative segment, address: CODE 00002960 - 00002965 (0x6 bytes), align: 0
  Segment part 19.            Intra module refs:   __next_rand (?rand)
                                                   level (main)
                                                   out (main)
                                                   sBinary
                                                   sFire
                                                   sRandomAll
                                                   sRandomEach
                                                   sShift
           ENTRY                   ADDRESS         REF BY
           =====                   =======         ======
           ?<Segment init: NEAR_I>
                                   00002960 
    -------------------------------------------------------------------------
NEAR_ID
  Relative segment, address: CODE 0000296C - 00002971 (0x6 bytes), align: 0
  Segment part 21.            Intra module refs:   sRandomAll
    -------------------------------------------------------------------------
NEAR_ID
  Relative segment, address: CODE 00002972 - 00002977 (0x6 bytes), align: 0
  Segment part 23.            Intra module refs:   sRandomEach
    -------------------------------------------------------------------------
NEAR_ID
  Relative segment, address: CODE 00002978 - 0000297D (0x6 bytes), align: 0
  Segment part 25.            Intra module refs:   sShift
    -------------------------------------------------------------------------
NEAR_ID
  Relative segment, address: CODE 0000297E - 00002983 (0x6 bytes), align: 0
  Segment part 27.            Intra module refs:   sBinary
    -------------------------------------------------------------------------
SWITCH
  Relative segment, address: CODE 0000015C - 0000016F (0x14 bytes), align: 1
  Segment part 69.            Intra module refs:   HSVtoRGB

    *************************************************************************

  FILE NAME : H:\WORKSPACE\IAR\NixieClock2\Debug\Obj\ds1307.r90
  PROGRAM MODULE, NAME : ds1307

  SEGMENTS IN THE MODULE
  ======================
ABSOLUTE
  Relative segment, address: DATA 00000056 - 00000056 (0x1 bytes), align: 0
  Segment part 1. ROOT.       Intra module refs:   IICRead
                                                   IICWrite
                                                   IICWriteInitAdr
           ENTRY                   ADDRESS         REF BY
           =====                   =======         ======
           _A_TWCR                 00000056 
           LOCAL                   ADDRESS         
           =====                   =======         
           TWCR                    00000056 
    -------------------------------------------------------------------------
ABSOLUTE
  Relative segment, address: DATA 00000023 - 00000023 (0x1 bytes), align: 0
  Segment part 2. ROOT.       Intra module refs:   IICRead
                                                   IICWrite
                                                   IICWriteInitAdr
           ENTRY                   ADDRESS         REF BY
           =====                   =======         ======
           _A_TWDR                 00000023 
           LOCAL                   ADDRESS         
           =====                   =======         
           TWDR                    00000023 
    -------------------------------------------------------------------------
ABSOLUTE
  Relative segment, address: DATA 00000021 - 00000021 (0x1 bytes), align: 0
  Segment part 3. ROOT.       Intra module refs:   DS1307Init
           ENTRY                   ADDRESS         REF BY
           =====                   =======         ======
           _A_TWSR                 00000021 
           LOCAL                   ADDRESS         
           =====                   =======         
           TWSR                    00000021 
    -------------------------------------------------------------------------
ABSOLUTE
  Relative segment, address: DATA 00000020 - 00000020 (0x1 bytes), align: 0
  Segment part 4. ROOT.       Intra module refs:   DS1307Init
           ENTRY                   ADDRESS         REF BY
           =====                   =======         ======
           _A_TWBR                 00000020 
           LOCAL                   ADDRESS         
           =====                   =======         
           TWBR                    00000020 
    -------------------------------------------------------------------------
CODE
  Relative segment, address: CODE 00000D2A - 00000D4F (0x26 bytes), align: 1
  Segment part 11.            Intra module refs:   DS1307SetDate
                                                   DS1307SetTime
           ENTRY                   ADDRESS         REF BY
           =====                   =======         ======
           DEC2BCD                 00000D2A 
               CSTACK = 00000000 ( 00000002 )
               RSTACK = 00000000 ( 00000004 )
    -------------------------------------------------------------------------
CODE
  Relative segment, address: CODE 00000D50 - 00000D61 (0x12 bytes), align: 1
  Segment part 12.            Intra module refs:   DS1307GetDate
                                                   DS1307GetTime
           ENTRY                   ADDRESS         REF BY
           =====                   =======         ======
           BCD2DEC                 00000D50 
               RSTACK = 00000000 ( 00000002 )
    -------------------------------------------------------------------------
CODE
  Relative segment, address: CODE 00000D62 - 00000D9F (0x3e bytes), align: 1
  Segment part 13.            Intra module refs:   DS1307Init
                                                   DS1307SetDate
                                                   DS1307SetTime
           ENTRY                   ADDRESS         REF BY
           =====                   =======         ======
           IICWrite                00000D62 
               RSTACK = 00000000 ( 00000002 )
    -------------------------------------------------------------------------
CODE
  Relative segment, address: CODE 00000DA0 - 00000DCF (0x30 bytes), align: 1
  Segment part 14.            Intra module refs:   DS1307GetDate
                                                   DS1307GetTime
           ENTRY                   ADDRESS         REF BY
           =====                   =======         ======
           IICWriteInitAdr         00000DA0 
               RSTACK = 00000000 ( 00000002 )
    -------------------------------------------------------------------------
CODE
  Relative segment, address: CODE 00000DD0 - 00000E01 (0x32 bytes), align: 1
  Segment part 15.            Intra module refs:   DS1307GetDate
                                                   DS1307GetTime
           ENTRY                   ADDRESS         REF BY
           =====                   =======         ======
           IICRead                 00000DD0 
               RSTACK = 00000000 ( 00000002 )
    -------------------------------------------------------------------------
CODE
  Relative segment, address: CODE 00000E02 - 00000E13 (0x12 bytes), align: 1
  Segment part 16.
           ENTRY                   ADDRESS         REF BY
           =====                   =======         ======
           DS1307Init              00000E02        Initialization (main)
               calls direct
               RSTACK = 00000000 ( 00000002 )
    -------------------------------------------------------------------------
CODE
  Relative segment, address: CODE 00000E14 - 00000E45 (0x32 bytes), align: 1
  Segment part 17.
           ENTRY                   ADDRESS         REF BY
           =====                   =======         ======
           DS1307GetTime           00000E14        Initialization (main)
                                                   ShiftRight (transient)
                                                   main (main)
               calls direct
               CSTACK = 00000000 ( 00000006 )
               RSTACK = 00000000 ( 00000002 )
    -------------------------------------------------------------------------
CODE
  Relative segment, address: CODE 00000E46 - 00000E79 (0x34 bytes), align: 1
  Segment part 18.
           ENTRY                   ADDRESS         REF BY
           =====                   =======         ======
           DS1307GetDate           00000E46        GetDate (main)
                                                   Initialization (main)
               calls direct
               CSTACK = 00000000 ( 00000006 )
               RSTACK = 00000000 ( 00000002 )
    -------------------------------------------------------------------------
CODE
  Relative segment, address: CODE 00000E7A - 00000EAB (0x32 bytes), align: 1
  Segment part 19.
           ENTRY                   ADDRESS         REF BY
           =====                   =======         ======
           DS1307SetTime           00000E7A        Buttons (main)
                                                   Initialization (main)
               calls direct
               CSTACK = 00000000 ( 00000002 )
               RSTACK = 00000000 ( 00000002 )
    -------------------------------------------------------------------------
CODE
  Relative segment, address: CODE 00000EAC - 00000EDB (0x30 bytes), align: 1
  Segment part 20.
           ENTRY                   ADDRESS         REF BY
           =====                   =======         ======
           DS1307SetDate           00000EAC        Buttons (main)
                                                   Initialization (main)
               calls direct
               CSTACK = 00000000 ( 00000002 )
               RSTACK = 00000000 ( 00000002 )

    *************************************************************************

  FILE NAME : H:\WORKSPACE\IAR\NixieClock2\Debug\Obj\main.r90
  PROGRAM MODULE, NAME : main

  SEGMENTS IN THE MODULE
  ======================
ABSOLUTE
  Relative segment, address: DATA 0000005C - 0000005C (0x1 bytes), align: 0
  Segment part 1. ROOT.       Intra module refs:   Over
           ENTRY                   ADDRESS         REF BY
           =====                   =======         ======
           _A_OCR0                 0000005C 
           LOCAL                   ADDRESS         
           =====                   =======         
           OCR0                    0000005C 
    -------------------------------------------------------------------------
ABSOLUTE
  Relative segment, address: DATA 0000005B - 0000005B (0x1 bytes), align: 0
  Segment part 2. ROOT.       Intra module refs:   Initialization
           ENTRY                   ADDRESS         REF BY
           =====                   =======         ======
           _A_GICR                 0000005B 
           LOCAL                   ADDRESS         
           =====                   =======         
           GICR                    0000005B 
    -------------------------------------------------------------------------
ABSOLUTE
  Relative segment, address: DATA 00000059 - 00000059 (0x1 bytes), align: 0
  Segment part 3. ROOT.       Intra module refs:   Initialization
           ENTRY                   ADDRESS         REF BY
           =====                   =======         ======
           _A_TIMSK                00000059 
           LOCAL                   ADDRESS         
           =====                   =======         
           TIMSK                   00000059 
    -------------------------------------------------------------------------
ABSOLUTE
  Relative segment, address: DATA 00000055 - 00000055 (0x1 bytes), align: 0
  Segment part 4. ROOT.       Intra module refs:   Initialization
           ENTRY                   ADDRESS         REF BY
           =====                   =======         ======
           _A_MCUCR                00000055 
           LOCAL                   ADDRESS         
           =====                   =======         
           MCUCR                   00000055 
    -------------------------------------------------------------------------
ABSOLUTE
  Relative segment, address: DATA 00000053 - 00000053 (0x1 bytes), align: 0
  Segment part 5. ROOT.       Intra module refs:   Initialization
           ENTRY                   ADDRESS         REF BY
           =====                   =======         ======
           _A_TCCR0                00000053 
           LOCAL                   ADDRESS         
           =====                   =======         
           TCCR0                   00000053 
    -------------------------------------------------------------------------
ABSOLUTE
  Relative segment, address: DATA 00000050 - 00000050 (0x1 bytes), align: 0
  Segment part 6. ROOT.       Intra module refs:   Initialization
           ENTRY                   ADDRESS         REF BY
           =====                   =======         ======
           _A_SFIOR                00000050 
           LOCAL                   ADDRESS         
           =====                   =======         
           SFIOR                   00000050 
    -------------------------------------------------------------------------
ABSOLUTE
  Relative segment, address: DATA 0000004F - 0000004F (0x1 bytes), align: 0
  Segment part 7. ROOT.       Intra module refs:   Initialization
           ENTRY                   ADDRESS         REF BY
           =====                   =======         ======
           _A_TCCR1A               0000004F 
           LOCAL                   ADDRESS         
           =====                   =======         
           TCCR1A                  0000004F 
    -------------------------------------------------------------------------
ABSOLUTE
  Relative segment, address: DATA 0000004E - 0000004E (0x1 bytes), align: 0
  Segment part 8. ROOT.       Intra module refs:   Initialization
           ENTRY                   ADDRESS         REF BY
           =====                   =======         ======
           _A_TCCR1B               0000004E 
           LOCAL                   ADDRESS         
           =====                   =======         
           TCCR1B                  0000004E 
    -------------------------------------------------------------------------
ABSOLUTE
  Relative segment, address: DATA 0000004A - 0000004B (0x2 bytes), align: 0
  Segment part 9. ROOT.       Intra module refs:   Over
           ENTRY                   ADDRESS         REF BY
           =====                   =======         ======
           _A_OCR1A                0000004A 
           LOCAL                   ADDRESS         
           =====                   =======         
           OCR1A                   0000004A 
           OCR1AH                  0000004B 
           OCR1AL                  0000004A 
    -------------------------------------------------------------------------
ABSOLUTE
  Relative segment, address: DATA 00000048 - 00000049 (0x2 bytes), align: 0
  Segment part 10. ROOT.      Intra module refs:   Over
           ENTRY                   ADDRESS         REF BY
           =====                   =======         ======
           _A_OCR1B                00000048 
           LOCAL                   ADDRESS         
           =====                   =======         
           OCR1B                   00000048 
           OCR1BH                  00000049 
           OCR1BL                  00000048 
    -------------------------------------------------------------------------
ABSOLUTE
  Relative segment, address: DATA 00000045 - 00000045 (0x1 bytes), align: 0
  Segment part 11. ROOT.      Intra module refs:   Initialization
           ENTRY                   ADDRESS         REF BY
           =====                   =======         ======
           _A_TCCR2                00000045 
           LOCAL                   ADDRESS         
           =====                   =======         
           TCCR2                   00000045 
    -------------------------------------------------------------------------
ABSOLUTE
  Relative segment, address: DATA 00000043 - 00000043 (0x1 bytes), align: 0
  Segment part 12. ROOT.      Intra module refs:   Over
           ENTRY                   ADDRESS         REF BY
           =====                   =======         ======
           _A_OCR2                 00000043 
           LOCAL                   ADDRESS         
           =====                   =======         
           OCR2                    00000043 
    -------------------------------------------------------------------------
ABSOLUTE
  Relative segment, address: DATA 0000003B - 0000003B (0x1 bytes), align: 0
  Segment part 13. ROOT.      Intra module refs:   Compare
                                                   GetDate
                                                   Over
                                                   main
           ENTRY                   ADDRESS         REF BY
           =====                   =======         ======
           _A_PORTA                0000003B 
           LOCAL                   ADDRESS         
           =====                   =======         
           PORTA                   0000003B 
    -------------------------------------------------------------------------
ABSOLUTE
  Relative segment, address: DATA 0000003A - 0000003A (0x1 bytes), align: 0
  Segment part 14. ROOT.      Intra module refs:   Initialization
           ENTRY                   ADDRESS         REF BY
           =====                   =======         ======
           _A_DDRA                 0000003A 
           LOCAL                   ADDRESS         
           =====                   =======         
           DDRA                    0000003A 
    -------------------------------------------------------------------------
ABSOLUTE
  Relative segment, address: DATA 00000038 - 00000038 (0x1 bytes), align: 0
  Segment part 15. ROOT.      Intra module refs:   Over
           ENTRY                   ADDRESS         REF BY
           =====                   =======         ======
           _A_PORTB                00000038 
           LOCAL                   ADDRESS         
           =====                   =======         
           PORTB                   00000038 
    -------------------------------------------------------------------------
ABSOLUTE
  Relative segment, address: DATA 00000037 - 00000037 (0x1 bytes), align: 0
  Segment part 16. ROOT.      Intra module refs:   Initialization
                                                   Over
           ENTRY                   ADDRESS         REF BY
           =====                   =======         ======
           _A_DDRB                 00000037 
           LOCAL                   ADDRESS         
           =====                   =======         
           DDRB                    00000037 
    -------------------------------------------------------------------------
ABSOLUTE
  Relative segment, address: DATA 00000036 - 00000036 (0x1 bytes), align: 0
  Segment part 17. ROOT.      Intra module refs:   Over
           ENTRY                   ADDRESS         REF BY
           =====                   =======         ======
           _A_PINB                 00000036 
           LOCAL                   ADDRESS         
           =====                   =======         
           PINB                    00000036 
    -------------------------------------------------------------------------
ABSOLUTE
  Relative segment, address: DATA 00000035 - 00000035 (0x1 bytes), align: 0
  Segment part 18. ROOT.      Intra module refs:   Compare
                                                   GetDate
                                                   Over
                                                   main
           ENTRY                   ADDRESS         REF BY
           =====                   =======         ======
           _A_PORTC                00000035 
           LOCAL                   ADDRESS         
           =====                   =======         
           PORTC                   00000035 
    -------------------------------------------------------------------------
ABSOLUTE
  Relative segment, address: DATA 00000034 - 00000034 (0x1 bytes), align: 0
  Segment part 19. ROOT.      Intra module refs:   Initialization
           ENTRY                   ADDRESS         REF BY
           =====                   =======         ======
           _A_DDRC                 00000034 
           LOCAL                   ADDRESS         
           =====                   =======         
           DDRC                    00000034 
    -------------------------------------------------------------------------
ABSOLUTE
  Relative segment, address: DATA 00000032 - 00000032 (0x1 bytes), align: 0
  Segment part 20. ROOT.      Intra module refs:   Compare
                                                   Initialization
                                                   Over
           ENTRY                   ADDRESS         REF BY
           =====                   =======         ======
           _A_PORTD                00000032 
           LOCAL                   ADDRESS         
           =====                   =======         
           PORTD                   00000032 
    -------------------------------------------------------------------------
ABSOLUTE
  Relative segment, address: DATA 00000031 - 00000031 (0x1 bytes), align: 0
  Segment part 21. ROOT.      Intra module refs:   Initialization
                                                   Over
           ENTRY                   ADDRESS         REF BY
           =====                   =======         ======
           _A_DDRD                 00000031 
           LOCAL                   ADDRESS         
           =====                   =======         
           DDRD                    00000031 
    -------------------------------------------------------------------------
ABSOLUTE
  Relative segment, address: DATA 00000030 - 00000030 (0x1 bytes), align: 0
  Segment part 22. ROOT.      Intra module refs:   Over
                                                   Settings
           ENTRY                   ADDRESS         REF BY
           =====                   =======         ======
           _A_PIND                 00000030 
           LOCAL                   ADDRESS         
           =====                   =======         
           PIND                    00000030 
    -------------------------------------------------------------------------
ABSOLUTE
  Relative segment, address: DATA 00000027 - 00000027 (0x1 bytes), align: 0
  Segment part 23. ROOT.      Intra module refs:   Initialization
           ENTRY                   ADDRESS         REF BY
           =====                   =======         ======
           _A_ADMUX                00000027 
           LOCAL                   ADDRESS         
           =====                   =======         
           ADMUX                   00000027 
    -------------------------------------------------------------------------
ABSOLUTE
  Relative segment, address: DATA 00000026 - 00000026 (0x1 bytes), align: 0
  Segment part 24. ROOT.      Intra module refs:   Initialization
                                                   RandomGet
                                                   RandomGet4
           ENTRY                   ADDRESS         REF BY
           =====                   =======         ======
           _A_ADCSRA               00000026 
           LOCAL                   ADDRESS         
           =====                   =======         
           ADCSRA                  00000026 
    -------------------------------------------------------------------------
ABSOLUTE
  Relative segment, address: DATA 00000024 - 00000025 (0x2 bytes), align: 0
  Segment part 25. ROOT.      Intra module refs:   RandomGet
                                                   RandomGet4
           ENTRY                   ADDRESS         REF BY
           =====                   =======         ======
           _A_ADC                  00000024 
           LOCAL                   ADDRESS         
           =====                   =======         
           ADC                     00000024 
           ADCH                    00000025 
           ADCL                    00000024 
    -------------------------------------------------------------------------
NEAR_F
  Relative segment, address: CODE 000000D2 - 000000EA (0x19 bytes), align: 0
  Segment part 35.            Intra module refs:   Over
           ENTRY                   ADDRESS         REF BY
           =====                   =======         ======
           DayBright               000000D2 
    -------------------------------------------------------------------------
NEAR_F
  Relative segment, address: CODE 000000EB - 00000103 (0x19 bytes), align: 0
  Segment part 36.            Intra module refs:   Over
           ENTRY                   ADDRESS         REF BY
           =====                   =======         ======
           NightBright             000000EB 
    -------------------------------------------------------------------------
NEAR_F
  Relative segment, address: CODE 00000104 - 0000015B (0x58 bytes), align: 0
  Segment part 37.            Intra module refs:   Compare
           ENTRY                   ADDRESS         REF BY
           =====                   =======         ======
           DC                      00000104 
    -------------------------------------------------------------------------
EEPROM_N
  Relative segment, address: XDATA 00000000 - 00000000 (0x1 bytes), align: 0
  Segment part 38.            Intra module refs:   Buttons
                                                   Initialization
                                                   Settings
           ENTRY                   ADDRESS         REF BY
           =====                   =======         ======
           eLEADZERO               00000000        Soft (transient)
    -------------------------------------------------------------------------
EEPROM_N
  Relative segment, address: XDATA 00000001 - 00000001 (0x1 bytes), align: 0
  Segment part 39.            Intra module refs:   Buttons
                                                   Initialization
                                                   Settings
                                                   main
           ENTRY                   ADDRESS         REF BY
           =====                   =======         ======
           eSEPARATOR              00000001 
    -------------------------------------------------------------------------
EEPROM_N
  Relative segment, address: XDATA 00000002 - 00000002 (0x1 bytes), align: 0
  Segment part 40.            Intra module refs:   Buttons
                                                   Initialization
                                                   Settings
           ENTRY                   ADDRESS         REF BY
           =====                   =======         ======
           eMIX_DELAY              00000002        MixBL (BackLight)
    -------------------------------------------------------------------------
EEPROM_N
  Relative segment, address: XDATA 00000003 - 00000003 (0x1 bytes), align: 0
  Segment part 41.            Intra module refs:   Buttons
                                                   Initialization
                                                   Settings
           ENTRY                   ADDRESS         REF BY
           =====                   =======         ======
           eBL_MODE                00000003 
    -------------------------------------------------------------------------
NEAR_Z
  Relative segment, address: DATA 000001CA - 000001CA (0x1 bytes), align: 0
  Segment part 42.            Intra module refs:   Buttons
                                                   Over
                                                   Settings
                                                   main
           ENTRY                   ADDRESS         REF BY
           =====                   =======         ======
           settingsMode            000001CA        Soft (transient)
    -------------------------------------------------------------------------
NEAR_Z
  Relative segment, address: DATA 000001CB - 000001CB (0x1 bytes), align: 0
  Segment part 44.            Intra module refs:   Over
                                                   main
           ENTRY                   ADDRESS         REF BY
           =====                   =======         ======
           settingsFlag            000001CB 
    -------------------------------------------------------------------------
NEAR_Z
  Relative segment, address: DATA 000001CC - 000001CC (0x1 bytes), align: 0
  Segment part 45.            Intra module refs:   Update
                                                   main
           ENTRY                   ADDRESS         REF BY
           =====                   =======         ======
           Global1HzFlag           000001CC 
    -------------------------------------------------------------------------
NEAR_Z
  Relative segment, address: DATA 000001CD - 000001D2 (0x6 bytes), align: 0
  Segment part 46.            Intra module refs:   Buttons
                                                   Over
           ENTRY                   ADDRESS         REF BY
           =====                   =======         ======
           outR                    000001CD        BackLightProcess (BackLight)
                                                   BinarySecondsBL (BackLight)
                                                   FireBL (BackLight)
                                                   RandomAllBL (BackLight)
                                                   RandomEachBL (BackLight)
                                                   ShiftBL (BackLight)
                                                   ZeroBL (BackLight)
    -------------------------------------------------------------------------
NEAR_Z
  Relative segment, address: DATA 000001D3 - 000001D8 (0x6 bytes), align: 0
  Segment part 47.            Intra module refs:   Buttons
                                                   Over
           ENTRY                   ADDRESS         REF BY
           =====                   =======         ======
           outG                    000001D3        BackLightProcess (BackLight)
                                                   BinarySecondsBL (BackLight)
                                                   FireBL (BackLight)
                                                   RandomAllBL (BackLight)
                                                   RandomEachBL (BackLight)
                                                   ShiftBL (BackLight)
                                                   ZeroBL (BackLight)
    -------------------------------------------------------------------------
NEAR_Z
  Relative segment, address: DATA 000001D9 - 000001DE (0x6 bytes), align: 0
  Segment part 48.            Intra module refs:   Buttons
                                                   Over
                                                   main
           ENTRY                   ADDRESS         REF BY
           =====                   =======         ======
           outB                    000001D9        BackLightProcess (BackLight)
                                                   BinarySecondsBL (BackLight)
                                                   FireBL (BackLight)
                                                   RandomAllBL (BackLight)
                                                   RandomEachBL (BackLight)
                                                   ShiftBL (BackLight)
                                                   ZeroBL (BackLight)
    -------------------------------------------------------------------------
NEAR_Z
  Relative segment, address: DATA 000001DF - 000001DF (0x1 bytes), align: 0
  Segment part 49.            Intra module refs:   Buttons
                                                   Over
                                                   Settings
           ENTRY                   ADDRESS         REF BY
           =====                   =======         ======
           button                  000001DF 
    -------------------------------------------------------------------------
NEAR_Z
  Relative segment, address: DATA 000001E0 - 000001E2 (0x3 bytes), align: 0
  Segment part 50.            Intra module refs:   Buttons
                                                   Over
                                                   Settings
           ENTRY                   ADDRESS         REF BY
           =====                   =======         ======
           protectKeys             000001E0 
    -------------------------------------------------------------------------
NEAR_Z
  Relative segment, address: DATA 000001E3 - 000001E3 (0x1 bytes), align: 0
  Segment part 51.            Intra module refs:   Compare
                                                   Over
           ENTRY                   ADDRESS         REF BY
           =====                   =======         ======
           counter                 000001E3 
    -------------------------------------------------------------------------
NEAR_Z
  Relative segment, address: DATA 000001E4 - 000001E4 (0x1 bytes), align: 0
  Segment part 52.            Intra module refs:   Compare
                                                   Over
           ENTRY                   ADDRESS         REF BY
           =====                   =======         ======
           digit                   000001E4 
    -------------------------------------------------------------------------
NEAR_Z
  Relative segment, address: DATA 000001E5 - 000001E5 (0x1 bytes), align: 0
  Segment part 53.            Intra module refs:   Buttons
                                                   Initialization
                                                   Over
                                                   Settings
                                                   main
           ENTRY                   ADDRESS         REF BY
           =====                   =======         ======
           hour                    000001E5 
    -------------------------------------------------------------------------
NEAR_Z
  Relative segment, address: DATA 000001E6 - 000001E6 (0x1 bytes), align: 0
  Segment part 54.            Intra module refs:   Buttons
                                                   Initialization
                                                   Settings
                                                   main
           ENTRY                   ADDRESS         REF BY
           =====                   =======         ======
           min                     000001E6 
    -------------------------------------------------------------------------
NEAR_Z
  Relative segment, address: DATA 000001E7 - 000001E7 (0x1 bytes), align: 0
  Segment part 55.            Intra module refs:   Buttons
                                                   Initialization
                                                   Settings
                                                   main
           ENTRY                   ADDRESS         REF BY
           =====                   =======         ======
           sec                     000001E7        GiveTargetBLBinary (BackLight)
    -------------------------------------------------------------------------
NEAR_Z
  Relative segment, address: DATA 000001E8 - 000001E8 (0x1 bytes), align: 0
  Segment part 56.            Intra module refs:   Buttons
                                                   GetDate
                                                   Initialization
                                                   Settings
           ENTRY                   ADDRESS         REF BY
           =====                   =======         ======
           day                     000001E8 
    -------------------------------------------------------------------------
NEAR_Z
  Relative segment, address: DATA 000001E9 - 000001E9 (0x1 bytes), align: 0
  Segment part 57.            Intra module refs:   Buttons
                                                   GetDate
                                                   Initialization
                                                   Settings
           ENTRY                   ADDRESS         REF BY
           =====                   =======         ======
           mon                     000001E9 
    -------------------------------------------------------------------------
NEAR_Z
  Relative segment, address: DATA 000001EA - 000001EA (0x1 bytes), align: 0
  Segment part 58.            Intra module refs:   Buttons
                                                   GetDate
                                                   Initialization
                                                   Settings
           ENTRY                   ADDRESS         REF BY
           =====                   =======         ======
           year                    000001EA 
    -------------------------------------------------------------------------
NEAR_I
  Relative segment, address: DATA 0000012E - 00000133 (0x6 bytes), align: 0
  Segment part 59.            Intra module refs:   Buttons
                                                   Compare
                                                   Over
                                                   Settings
           ENTRY                   ADDRESS         REF BY
           =====                   =======         ======
           out                     0000012E        ShiftLeft (transient)
                                                   ShiftRight (transient)
                                                   Soft (transient)
                                                   Sprint (transient)
    -------------------------------------------------------------------------
NEAR_Z
  Relative segment, address: DATA 000001EB - 000001F0 (0x6 bytes), align: 0
  Segment part 62.            Intra module refs:   Over
           ENTRY                   ADDRESS         REF BY
           =====                   =======         ======
[...]
                                                   ShiftLeft (transient)
                                                   SmoothProcess (BackLight)
    -------------------------------------------------------------------------
CODE
  Relative segment, address: CODE 0000289C - 0000289D (0x2 bytes), align: 1
  Segment part 13.            Intra module refs:   ?PROLOGUE4_L09
           ENTRY                   ADDRESS         REF BY
           =====                   =======         ======
           ?PROLOGUE3_L09          0000289C        GiveTargetBLBinary (BackLight)
                                                   Soft (transient)
                                                   Sprint (transient)
    -------------------------------------------------------------------------
CODE
  Relative segment, address: CODE 0000289E - 0000289F (0x2 bytes), align: 1
  Segment part 14.            Intra module refs:   ?PROLOGUE3_L09
           ENTRY                   ADDRESS         REF BY
           =====                   =======         ======
           ?PROLOGUE2_L09          0000289E 
    -------------------------------------------------------------------------
CODE
  Relative segment, address: CODE 000028A0 - 000028A1 (0x2 bytes), align: 1
  Segment part 15.            Intra module refs:   ?PROLOGUE2_L09
           ENTRY                   ADDRESS         REF BY
           =====                   =======         ======
           ?PROLOGUE1_L09          000028A0 
    -------------------------------------------------------------------------
CODE
  Relative segment, address: CODE 000028A2 - 000028A3 (0x2 bytes), align: 1
  Segment part 16.            Intra module refs:   ?PROLOGUE1_L09

    -------------------------------------------------------------------------
  LIBRARY MODULE, NAME : ?EPILOGUE_B_L09

  SEGMENTS IN THE MODULE
  ======================
CODE
  Relative segment, address: CODE 000028A4 - 000028A5 (0x2 bytes), align: 1
  Segment part 3.
           ENTRY                   ADDRESS         REF BY
           =====                   =======         ======
           ?EPILOGUE_B13_L09       000028A4        HSVtoRGB (BackLight)
    -------------------------------------------------------------------------
CODE
  Relative segment, address: CODE 000028A6 - 000028A7 (0x2 bytes), align: 1
  Segment part 4.             Intra module refs:   ?EPILOGUE_B13_L09
           ENTRY                   ADDRESS         REF BY
           =====                   =======         ======
           ?EPILOGUE_B12_L09       000028A6 
    -------------------------------------------------------------------------
CODE
  Relative segment, address: CODE 000028A8 - 000028A9 (0x2 bytes), align: 1
  Segment part 5.             Intra module refs:   ?EPILOGUE_B12_L09
           ENTRY                   ADDRESS         REF BY
           =====                   =======         ======
           ?EPILOGUE_B11_L09       000028A8 
    -------------------------------------------------------------------------
CODE
  Relative segment, address: CODE 000028AA - 000028AB (0x2 bytes), align: 1
  Segment part 6.             Intra module refs:   ?EPILOGUE_B11_L09
           ENTRY                   ADDRESS         REF BY
           =====                   =======         ======
           ?EPILOGUE_B10_L09       000028AA 
    -------------------------------------------------------------------------
CODE
  Relative segment, address: CODE 000028AC - 000028AD (0x2 bytes), align: 1
  Segment part 7.             Intra module refs:   ?EPILOGUE_B10_L09
           ENTRY                   ADDRESS         REF BY
           =====                   =======         ======
           ?EPILOGUE_B9_L09        000028AC 
    -------------------------------------------------------------------------
CODE
  Relative segment, address: CODE 000028AE - 000028AF (0x2 bytes), align: 1
  Segment part 8.             Intra module refs:   ?EPILOGUE_B9_L09
           ENTRY                   ADDRESS         REF BY
           =====                   =======         ======
           ?EPILOGUE_B8_L09        000028AE        GiveTargetBLRandEach (BackLight)
    -------------------------------------------------------------------------
CODE
  Relative segment, address: CODE 000028B0 - 000028B1 (0x2 bytes), align: 1
  Segment part 9.             Intra module refs:   ?EPILOGUE_B8_L09
           ENTRY                   ADDRESS         REF BY
           =====                   =======         ======
           ?EPILOGUE_B7_L09        000028B0 
    -------------------------------------------------------------------------
CODE
  Relative segment, address: CODE 000028B2 - 000028B3 (0x2 bytes), align: 1
  Segment part 10.            Intra module refs:   ?EPILOGUE_B7_L09
           ENTRY                   ADDRESS         REF BY
           =====                   =======         ======
           ?EPILOGUE_B6_L09        000028B2        DS1307GetDate (ds1307)
                                                   DS1307GetTime (ds1307)
    -------------------------------------------------------------------------
CODE
  Relative segment, address: CODE 000028B4 - 000028B5 (0x2 bytes), align: 1
  Segment part 11.            Intra module refs:   ?EPILOGUE_B6_L09
           ENTRY                   ADDRESS         REF BY
           =====                   =======         ======
           ?EPILOGUE_B5_L09        000028B4 
    -------------------------------------------------------------------------
CODE
  Relative segment, address: CODE 000028B6 - 000028B7 (0x2 bytes), align: 1
  Segment part 12.            Intra module refs:   ?EPILOGUE_B5_L09
           ENTRY                   ADDRESS         REF BY
           =====                   =======         ======
           ?EPILOGUE_B4_L09        000028B6        FireBL (BackLight)
                                                   ShiftLeft (transient)
                                                   SmoothProcess (BackLight)
    -------------------------------------------------------------------------
CODE
  Relative segment, address: CODE 000028B8 - 000028B9 (0x2 bytes), align: 1
  Segment part 13.            Intra module refs:   ?EPILOGUE_B4_L09
           ENTRY                   ADDRESS         REF BY
           =====                   =======         ======
           ?EPILOGUE_B3_L09        000028B8        GiveTargetBLBinary (BackLight)
                                                   Soft (transient)
                                                   Sprint (transient)
    -------------------------------------------------------------------------
CODE
  Relative segment, address: CODE 000028BA - 000028BB (0x2 bytes), align: 1
  Segment part 14.            Intra module refs:   ?EPILOGUE_B3_L09
           ENTRY                   ADDRESS         REF BY
           =====                   =======         ======
           ?EPILOGUE_B2_L09        000028BA 
    -------------------------------------------------------------------------
CODE
  Relative segment, address: CODE 000028BC - 000028BD (0x2 bytes), align: 1
  Segment part 15.            Intra module refs:   ?EPILOGUE_B2_L09
           ENTRY                   ADDRESS         REF BY
           =====                   =======         ======
           ?EPILOGUE_B1_L09        000028BC 
    -------------------------------------------------------------------------
CODE
  Relative segment, address: CODE 000028BE - 000028C7 (0xa bytes), align: 1
  Segment part 16.            Intra module refs:   ?EPILOGUE_B1_L09
           ENTRY                   ADDRESS         REF BY
           =====                   =======         ======
           ?EPILOGUE_B0_L09        000028BE 

    -------------------------------------------------------------------------
  LIBRARY MODULE, NAME : ?REGISTER_CGREGR4_L10

  SEGMENTS IN THE MODULE
  ======================
CODE
  Relative segment, address: CODE 000028C8, align: 1
  Segment part 0.
           ENTRY                   ADDRESS         REF BY
           =====                   =======         ======
           ?Register_R4_is_cg_reg
                                   000028C8        DS1307GetDate (ds1307)
                                                   DS1307GetTime (ds1307)
                                                   GiveTargetBLRandEach (BackLight)
                                                   HSVtoRGB (BackLight)

    -------------------------------------------------------------------------
  LIBRARY MODULE, NAME : ?REGISTER_CGREGR5_L10

  SEGMENTS IN THE MODULE
  ======================
CODE
  Relative segment, address: CODE 000028C8, align: 1
  Segment part 0.
           ENTRY                   ADDRESS         REF BY
           =====                   =======         ======
           ?Register_R5_is_cg_reg
                                   000028C8        DS1307GetDate (ds1307)
                                                   DS1307GetTime (ds1307)
                                                   HSVtoRGB (BackLight)

    -------------------------------------------------------------------------
  LIBRARY MODULE, NAME : ?REGISTER_CGREGR6_L10

  SEGMENTS IN THE MODULE
  ======================
CODE
  Relative segment, address: CODE 000028C8, align: 1
  Segment part 0.
           ENTRY                   ADDRESS         REF BY
           =====                   =======         ======
           ?Register_R6_is_cg_reg
                                   000028C8        GiveTargetBLRandEach (BackLight)
                                                   HSVtoRGB (BackLight)

    -------------------------------------------------------------------------
  LIBRARY MODULE, NAME : ?REGISTER_CGREGR7_L10

  SEGMENTS IN THE MODULE
  ======================
CODE
  Relative segment, address: CODE 000028C8, align: 1
  Segment part 0.
           ENTRY                   ADDRESS         REF BY
           =====                   =======         ======
           ?Register_R7_is_cg_reg
                                   000028C8        GiveTargetBLRandEach (BackLight)
                                                   HSVtoRGB (BackLight)

    -------------------------------------------------------------------------
  LIBRARY MODULE, NAME : ?REGISTER_CGREGR8_L10

  SEGMENTS IN THE MODULE
  ======================
CODE
  Relative segment, address: CODE 000028C8, align: 1
  Segment part 0.
           ENTRY                   ADDRESS         REF BY
           =====                   =======         ======
           ?Register_R8_is_cg_reg
                                   000028C8        HSVtoRGB (BackLight)

    -------------------------------------------------------------------------
  LIBRARY MODULE, NAME : ?REGISTER_CGREGR9_L10

  SEGMENTS IN THE MODULE
  ======================
CODE
  Relative segment, address: CODE 000028C8, align: 1
  Segment part 0.
           ENTRY                   ADDRESS         REF BY
           =====                   =======         ======
           ?Register_R9_is_cg_reg
                                   000028C8        HSVtoRGB (BackLight)

    -------------------------------------------------------------------------
  LIBRARY MODULE, NAME : ?REGISTER_CGREGR10_L10

  SEGMENTS IN THE MODULE
  ======================
CODE
  Relative segment, address: CODE 000028C8, align: 1
  Segment part 0.
           ENTRY                   ADDRESS         REF BY
           =====                   =======         ======
           ?Register_R10_is_cg_reg
                                   000028C8        HSVtoRGB (BackLight)

    -------------------------------------------------------------------------
  LIBRARY MODULE, NAME : ?REGISTER_CGREGR11_L10

  SEGMENTS IN THE MODULE
  ======================
CODE
  Relative segment, address: CODE 000028C8, align: 1
  Segment part 0.
           ENTRY                   ADDRESS         REF BY
           =====                   =======         ======
           ?Register_R11_is_cg_reg
                                   000028C8        HSVtoRGB (BackLight)

    -------------------------------------------------------------------------
  LIBRARY MODULE, NAME : ?REGISTER_CGREGR12_L10

  SEGMENTS IN THE MODULE
  ======================
CODE
  Relative segment, address: CODE 000028C8, align: 1
  Segment part 0.
           ENTRY                   ADDRESS         REF BY
           =====                   =======         ======
           ?Register_R12_is_cg_reg
                                   000028C8        HSVtoRGB (BackLight)

    -------------------------------------------------------------------------
  LIBRARY MODULE, NAME : ?low_level_init

  SEGMENTS IN THE MODULE
  ======================
CODE
  Relative segment, address: CODE 000028C8 - 000028CB (0x4 bytes), align: 1
  Segment part 3.
           ENTRY                   ADDRESS         REF BY
           =====                   =======         ======
           __low_level_init        000028C8        ?call_low_level_init (?C_STARTUP)
               RSTACK = 00000000 ( 00000002 )

    -------------------------------------------------------------------------
  LIBRARY MODULE, NAME : ?rand

  SEGMENTS IN THE MODULE
  ======================
NEAR_I
  Relative segment, address: DATA 0000013A - 0000013D (0x4 bytes), align: 0
  Segment part 3.             Intra module refs:   rand
           ENTRY                   ADDRESS         REF BY
           =====                   =======         ======
           __next_rand             0000013A        srand (?srand)
    -------------------------------------------------------------------------
CODE
  Relative segment, address: CODE 000028CC - 000028F9 (0x2e bytes), align: 1
  Segment part 6.
           ENTRY                   ADDRESS         REF BY
           =====                   =======         ======
           rand                    000028CC        RandomGet (main)
                                                   RandomGet4 (main)
               RSTACK = 00000000 ( 00000004 )
    -------------------------------------------------------------------------
NEAR_ID
  Relative segment, address: CODE 00002990 - 00002993 (0x4 bytes), align: 0
  Segment part 4.             Intra module refs:   __next_rand

    -------------------------------------------------------------------------
  LIBRARY MODULE, NAME : ?segment_init

  SEGMENTS IN THE MODULE
  ======================
CODE
  Relative segment, address: CODE 000028FA - 00002901 (0x8 bytes), align: 1
  Segment part 3.             Intra module refs:   __segment_init
           LOCAL                   ADDRESS         
           =====                   =======         
           __memclr                000028FA 
               RSTACK = 00000000 ( 00000002 )
    -------------------------------------------------------------------------
CODE
  Relative segment, address: CODE 00002902 - 00002909 (0x8 bytes), align: 1
  Segment part 4.             Intra module refs:   __segment_init
           LOCAL                   ADDRESS         
           =====                   =======         
           __flashcpy              00002902 
               RSTACK = 00000000 ( 00000002 )
    -------------------------------------------------------------------------
CODE
  Relative segment, address: CODE 0000290A - 00002915 (0xc bytes), align: 1
  Segment part 5.             Intra module refs:   __flashcpy
                                                   __memclr
    -------------------------------------------------------------------------
CODE
  Relative segment, address: CODE 00002916 - 00002949 (0x34 bytes), align: 1
  Segment part 6.
           ENTRY                   ADDRESS         REF BY
           =====                   =======         ======
           __segment_init          00002916        ?need_segment_init (?C_STARTUP)
               calls direct
               RSTACK = 00000000 ( 00000002 )

    -------------------------------------------------------------------------
  LIBRARY MODULE, NAME : ?srand

  SEGMENTS IN THE MODULE
  ======================
CODE
  Relative segment, address: CODE 0000294A - 00002959 (0x10 bytes), align: 1
  Segment part 3.
           ENTRY                   ADDRESS         REF BY
           =====                   =======         ======
           srand                   0000294A        Initialization (main)
               RSTACK = 00000000 ( 00000002 )

    *************************************************************************

  DEFINED ABSOLUTE ENTRIES
  PROGRAM MODULE, NAME : ?FILLER_BYTES

  SEGMENTS IN THE MODULE
  ======================
INTVEC
  Common segment, address: CODE 00000000 - 00000013 (0x14 bytes), align: 0
  Segment part 1.
    -------------------------------------------------------------------------
?FILL1
  Relative segment, address: CODE 00000014 - 00000053 (0x40 bytes), align: 0
  Segment part 0.




                ****************************************
                *                                      *
                *      SEGMENTS IN ADDRESS ORDER       *
                *                                      *
                ****************************************


SEGMENT              SPACE    START ADDRESS   END ADDRESS     SIZE  TYPE  ALIGN
=======              =====    =============   ===========     ====  ====  =====
INTVEC               CODE          00000000 - 00000013          14   com    1
?FILL1               CODE          00000014 - 00000053          40   rel    0
NEAR_F               CODE          00000054 - 0000015B         108   rel    0
SWITCH               CODE          0000015C - 000001F1          96   rel    1
CODE                 CODE          000001F2 - 00002959        2768   rel    1
INITTAB              CODE          0000295A - 00002965           C   rel    0
NEAR_ID              CODE          00002966 - 00002993          2E   rel    0
ABSOLUTE             DATA               0000001C                     rel    0
                     DATA               0000001D                   
                     DATA               0000001E                   
                     DATA               0000001F                   
                     DATA          00000020 - 00000021           2 
                     DATA          00000023 - 00000027           5 
                     DATA          00000030 - 00000032           3 
                     DATA          00000034 - 00000038           5 
                     DATA          0000003A - 0000003B           2 
                     DATA          00000043 - 00000043           1 
                     DATA          00000045 - 00000045           1 
                     DATA          00000048 - 0000004B           4 
                     DATA          0000004E - 00000050           3 
                     DATA          00000053 - 00000053           1 
                     DATA          00000055 - 00000056           2 
                     DATA          00000059 - 00000059           1 
                     DATA          0000005B - 0000005C           2 
CSTACK               DATA          00000060 - 000000BF          60   dse    0
RSTACK               DATA          000000C0 - 0000010F          50   dse    0
NEAR_I               DATA          00000110 - 0000013D          2E   rel    0
NEAR_Z               DATA          0000013E - 000001FB          BE   rel    0
EEPROM_I             XDATA              00000000                     dse    0
EEPROM_N             XDATA         00000000 - 00000003           4   rel    0

                ****************************************
                *                                      *
                *        END OF CROSS REFERENCE        *
                *                                      *
                ****************************************

 10 580 bytes of CODE  memory (+             64 range fill )
    412 bytes of DATA  memory (+ 32 absolute )
      4 bytes of XDATA memory

Errors: none
Warnings: none

